Fetching gem metadata from https://rubygems.org/.........
Resolving dependencies...
Fetching minitest 5.25.5
Fetching stringio 3.1.7
Fetching aruba 2.3.0

Retrying download gem from https://rubygems.org/ due to error (2/4): Bundler::PermissionError There was an error while trying to write to `/usr/lib/ruby/gems/3.4.0/cache/minitest-5.25.5.gem`. It is likely that you need to grant write permissions for that path.

Retrying download gem from https://rubygems.org/ due to error (2/4): Bundler::PermissionError There was an error while trying to write to `/usr/lib/ruby/gems/3.4.0/cache/stringio-3.1.7.gem`. It is likely that you need to grant write permissions for that path.

Retrying download gem from https://rubygems.org/ due to error (2/4): Bundler::PermissionError There was an error while trying to write to `/usr/lib/ruby/gems/3.4.0/cache/aruba-2.3.0.gem`. It is likely that you need to grant write permissions for that path.

Retrying download gem from https://rubygems.org/ due to error (3/4): Bundler::PermissionError There was an error while trying to write to `/usr/lib/ruby/gems/3.4.0/cache/minitest-5.25.5.gem`. It is likely that you need to grant write permissions for that path.

Retrying download gem from https://rubygems.org/ due to error (3/4): Bundler::PermissionError There was an error while trying to write to `/usr/lib/ruby/gems/3.4.0/cache/stringio-3.1.7.gem`. It is likely that you need to grant write permissions for that path.

Retrying download gem from https://rubygems.org/ due to error (3/4): Bundler::PermissionError There was an error while trying to write to `/usr/lib/ruby/gems/3.4.0/cache/aruba-2.3.0.gem`. It is likely that you need to grant write permissions for that path.

Retrying download gem from https://rubygems.org/ due to error (4/4): Bundler::PermissionError There was an error while trying to write to `/usr/lib/ruby/gems/3.4.0/cache/minitest-5.25.5.gem`. It is likely that you need to grant write permissions for that path.

Retrying download gem from https://rubygems.org/ due to error (4/4): Bundler::PermissionError There was an error while trying to write to `/usr/lib/ruby/gems/3.4.0/cache/stringio-3.1.7.gem`. It is likely that you need to grant write permissions for that path.

Retrying download gem from https://rubygems.org/ due to error (4/4): Bundler::PermissionError There was an error while trying to write to `/usr/lib/ruby/gems/3.4.0/cache/aruba-2.3.0.gem`. It is likely that you need to grant write permissions for that path.



--- ERROR REPORT TEMPLATE -------------------------------------------------------

```
Errno::EACCES: Permission denied @ dir_s_mkdir - /usr/lib/ruby/gems/3.4.0/bin
  /usr/lib/ruby/site_ruby/3.4.0/rubygems/installer.rb:957:in 'Dir.mkdir'
          /usr/lib/ruby/site_ruby/3.4.0/rubygems/installer.rb:957:in 'Gem::Installer#ensure_writable_dir'
          /usr/lib/ruby/site_ruby/3.4.0/bundler/rubygems_gem_installer.rb:64:in 'Bundler::RubyGemsGemInstaller#ensure_writable_dir'
          /usr/lib/ruby/site_ruby/3.4.0/rubygems/installer.rb:487:in 'Gem::Installer#generate_bin'
          /usr/lib/ruby/site_ruby/3.4.0/bundler/source/path/installer.rb:32:in 'Bundler::Source::Path::Installer#post_install'
          /usr/lib/ruby/site_ruby/3.4.0/bundler/source/path.rb:234:in 'Bundler::Source::Path#generate_bin'
          /usr/lib/ruby/site_ruby/3.4.0/bundler/source/path.rb:78:in 'Bundler::Source::Path#install'
          /usr/lib/ruby/site_ruby/3.4.0/bundler/installer/gem_installer.rb:55:in 'Bundler::GemInstaller#install'
          /usr/lib/ruby/site_ruby/3.4.0/bundler/installer/gem_installer.rb:17:in 'Bundler::GemInstaller#install_from_spec'
          /usr/lib/ruby/site_ruby/3.4.0/bundler/installer/parallel_installer.rb:133:in 'Bundler::ParallelInstaller#do_install'
          /usr/lib/ruby/site_ruby/3.4.0/bundler/installer/parallel_installer.rb:124:in 'block in Bundler::ParallelInstaller#worker_pool'
          /usr/lib/ruby/site_ruby/3.4.0/bundler/worker.rb:62:in 'Bundler::Worker#apply_func'
          /usr/lib/ruby/site_ruby/3.4.0/bundler/worker.rb:57:in 'block in Bundler::Worker#process_queue'
          <internal:kernel>:168:in 'Kernel#loop'
          /usr/lib/ruby/site_ruby/3.4.0/bundler/worker.rb:54:in 'Bundler::Worker#process_queue'
          /usr/lib/ruby/site_ruby/3.4.0/bundler/worker.rb:90:in 'block (2 levels) in Bundler::Worker#create_threads'
Bundler::PermissionError: There was an error while trying to write to `/usr/lib/ruby/gems/3.4.0/bundler.lock`. It is likely that you need to grant write permissions for that path.
  /usr/lib/ruby/site_ruby/3.4.0/bundler/shared_helpers.rb:109:in 'Bundler::SharedHelpers#filesystem_access'
          /usr/lib/ruby/site_ruby/3.4.0/bundler/process_lock.rb:12:in 'Bundler::ProcessLock.lock'
          /usr/lib/ruby/site_ruby/3.4.0/bundler/installer.rb:71:in 'Bundler::Installer#run'
          /usr/lib/ruby/site_ruby/3.4.0/bundler/installer.rb:23:in 'Bundler::Installer.install'
          /usr/lib/ruby/site_ruby/3.4.0/bundler/cli/install.rb:72:in 'Bundler::CLI::Install#run'
          /usr/lib/ruby/site_ruby/3.4.0/bundler/cli.rb:247:in 'block in Bundler::CLI#install'
          /usr/lib/ruby/site_ruby/3.4.0/bundler/settings.rb:159:in 'Bundler::Settings#temporary'
          /usr/lib/ruby/site_ruby/3.4.0/bundler/cli.rb:246:in 'Bundler::CLI#install'
          /usr/lib/ruby/site_ruby/3.4.0/bundler/vendor/thor/lib/thor/command.rb:28:in 'Bundler::Thor::Command#run'
          /usr/lib/ruby/site_ruby/3.4.0/bundler/vendor/thor/lib/thor/invocation.rb:127:in 'Bundler::Thor::Invocation#invoke_command'
          /usr/lib/ruby/site_ruby/3.4.0/bundler/vendor/thor/lib/thor.rb:538:in 'Bundler::Thor.dispatch'
          /usr/lib/ruby/site_ruby/3.4.0/bundler/cli.rb:35:in 'Bundler::CLI.dispatch'
          /usr/lib/ruby/site_ruby/3.4.0/bundler/vendor/thor/lib/thor/base.rb:584:in 'Bundler::Thor::Base::ClassMethods#start'
          /usr/lib/ruby/site_ruby/3.4.0/bundler/cli.rb:29:in 'Bundler::CLI.start'
          /usr/lib/ruby/gems/3.4.0/gems/bundler-2.6.9/exe/bundle:28:in 'block in <top (required)>'
          /usr/lib/ruby/site_ruby/3.4.0/bundler/friendly_errors.rb:117:in 'Bundler.with_friendly_errors'
          /usr/lib/ruby/gems/3.4.0/gems/bundler-2.6.9/exe/bundle:20:in '<top (required)>'
          /usr/bin/bundle:25:in 'Kernel#load'
          /usr/bin/bundle:25:in '<main>'

```

## Environment

```
Bundler       2.6.9
  Platforms   ruby, x86_64-linux
Ruby          3.4.3p32 (2025-04-14 revision d0b7e5b6a04bde21ca483d20a1546b28b401c2d4) [x86_64-linux]
  Full Path   /usr/bin/ruby
  Config Dir  /etc
RubyGems      3.6.9
  Gem Home    /usr/lib/ruby/gems/3.4.0
  Gem Path    /home/jnash/.local/share/gem/ruby/3.4.0:/usr/lib/ruby/gems/3.4.0
  User Home   /home/jnash
  User Path   /home/jnash/.local/share/gem/ruby/3.4.0
  Bin Dir     /usr/bin
OpenSSL       
  Compiled    OpenSSL 3.5.0 8 Apr 2025
  Loaded      OpenSSL 3.5.0 8 Apr 2025
  Cert File   /etc/ssl/cert.pem
  Cert Dir    /etc/ssl/certs
Tools         
  Git         2.49.0
  RVM         not installed
  rbenv       rbenv 1.3.2
  chruby      not installed
```

## Bundler Build Metadata

```
Built At          1980-01-02
Git SHA           8a2a14d63da
Released Version  true
```

## Gemfile

### Gemfile

```ruby
source 'https://rubygems.org'
gemspec
```

### Gemfile.lock

```
<No /home/jnash/Projects/mmw/Gemfile.lock found>
```

## Gemspecs

### mmw.gemspec

```ruby
# Ensure we require the local version and not one we might have installed already
require File.join([File.dirname(__FILE__),'lib','mmw','version.rb'])
spec = Gem::Specification.new do |s|
  s.name = 'mmw'
  s.version = Mmw::VERSION
  s.author = 'Your Name Here'
  s.email = 'your@email.address.com'
  s.homepage = 'http://your.website.com'
  s.platform = Gem::Platform::RUBY
  s.summary = 'A description of your project'
  s.files = `git ls-files`.split("
")
  s.require_paths << 'lib'
  s.extra_rdoc_files = ['README.rdoc','mmw.rdoc']
  s.rdoc_options << '--title' << 'mmw' << '--main' << 'README.rdoc' << '-ri'
  s.bindir = 'bin'
  s.executables << 'mmw'
  s.add_development_dependency('rake')
  s.add_development_dependency('rdoc')
  s.add_development_dependency('minitest')
  s.add_runtime_dependency('gli','~> 2.22.1')
  s.add_development_dependency('aruba', '~> 2.3.0')
end
```

--- TEMPLATE END ----------------------------------------------------------------

Unfortunately, an unexpected error occurred, and Bundler cannot continue.

First, try this link to see if there are any existing issue reports for this error:
https://github.com/rubygems/rubygems/search?q=Permission+denied+%40+dir_s_mkdir+-+%2Fusr%2Flib%2Fruby%2Fgems%2F3.4.0%2Fbin&type=Issues

If there aren't any reports for this error yet, please fill in the new issue form located at https://github.com/rubygems/rubygems/issues/new?labels=Bundler&template=bundler-related-issue.md. Make sure to copy and paste the full output of this command under the "What happened instead?" section.
