current directory: /home/jnash/Projects/mmw/vendor/bundle/ruby/3.4.0/gems/date-3.4.1/ext/date
/usr/bin/ruby extconf.rb
checking for rb_category_warn()... yes
checking for timezone in time.h with -Werror... yes
checking for altzone in time.h with -Werror... no
creating Makefile

current directory: /home/jnash/Projects/mmw/vendor/bundle/ruby/3.4.0/gems/date-3.4.1/ext/date
make DESTDIR\= sitearchdir\=./.gem.20250608-120965-bdg8hm sitelibdir\=./.gem.20250608-120965-bdg8hm clean

current directory: /home/jnash/Projects/mmw/vendor/bundle/ruby/3.4.0/gems/date-3.4.1/ext/date
make DESTDIR\= sitearchdir\=./.gem.20250608-120965-bdg8hm sitelibdir\=./.gem.20250608-120965-bdg8hm
compiling date_core.c
compiling date_parse.c
compiling date_strftime.c
compiling date_strptime.c
linking shared-object date_core.so

current directory: /home/jnash/Projects/mmw/vendor/bundle/ruby/3.4.0/gems/date-3.4.1/ext/date
make DESTDIR\= sitearchdir\=./.gem.20250608-120965-bdg8hm sitelibdir\=./.gem.20250608-120965-bdg8hm install
/usr/bin/install -c -m 0755 date_core.so ./.gem.20250608-120965-bdg8hm

current directory: /home/jnash/Projects/mmw/vendor/bundle/ruby/3.4.0/gems/date-3.4.1/ext/date
make DESTDIR\= sitearchdir\=./.gem.20250608-120965-bdg8hm sitelibdir\=./.gem.20250608-120965-bdg8hm clean
